+ cd /root/shared-nvme/projects/SPSR-Net
+ env CUDA_VISIBLE_DEVICES=0 PYTORCH_CUDA_ALLOC_CONF=expandable_segments:True /root/.conda/envs/difinet/bin/python -u train.py -n 30 -d genia --model_name /root/.cache/difinet_backbones/models--dmis-lab--biobert-v1.1/snapshots/551ca18efd7f052c8dfa0b01c94c2a8e68bc5488 --lr 7e-6 --encoder_lr 7e-6 --warmup 0.1 --cnn_dim 400 --biaffine_size 200 --n_head 4 -b 4 --accumulation_steps 2 --logit_drop 0.15 --cnn_depth 1 --n_layer 2 --ent_thres 0.48 --seed 0 --loss_type bce --adv_type pgd --adv_epsilon 1.0 --adv_alpha 0.3 --adv_k 3 --adv_emb_name word_embeddings --adv_loss_weight 0.8 --adv_warmup_ratio 0.1 --adv_every_n_steps 1 --adv_random_start --fp16 --num_workers 4 --early_stop_patience 5 --early_stop_monitor f#f#dev --checkpoint_monitor f#f#dev --sad_topk 2 --sad_use_rel_bias 1 --sad_gate 1 --use_snsa 0 --use_hsr 1
[17:44:25] INFO     Read cache from /root/shared-nvme/proje cache_results.py:320
                    cts/SPSR-Net/caches/3fac05e2_ner_caches                     
                    .pkl (Saved on 2026-08-20                                   
                    19:46:49.288688).                                           
[17:44:26] INFO     In total 3 datasets:                            train.py:242
                            dev has 1669 instances.                             
                            test has 1854 instances.                            
                            train has 15023 instances.                          
                                                                                
           INFO     5 labels: {'CELL_LINE': 0, 'CELL_TYPE': 1,      train.py:244
                    'DNA': 2, 'PROTEIN': 3, 'RNA': 4},                          
                    matrix_segs:{'ent': 5}                                      
[17:44:28] INFO     Counter({'pretrain_model': 108310272, 'cnn1':   train.py:381
                    13928800, 'biaffine': 1000000, 'W': 170800,                 
                    'head_mlp': 153800, 'tail_mlp': 153800,                     
                    'score_head': 6005, 'size_embedding': 750})                 
           INFO     Total param  123724227                          train.py:382
           INFO     The checkpoint will be saved in this folder topk_saver.py:54
                    for this time:                                              
                    _saved_models/2026-08-29-17_44_22_225740.                   
           INFO     Enable adversarial training: type=pgd,          train.py:428
                    epsilon=1.0, alpha=0.3, k=3,                                
                    emb_name=word_embeddings, loss_weight=0.8,                  
                    warmup_ratio=0.1, every_n_steps=1,                          
                    random_start=True                                           
[17:44:29] INFO     Running evaluator sanity check for 1 batches. trainer.py:661
