[22:01:51] INFO     Read cache from /root/shared-nvme/proje cache_results.py:320
                    cts/difinet/ner-2025-05/caches/cca36a1d                     
                    _ner_caches.pkl (Saved on 2026-08-15                        
                    21:22:45.795130).                                           
           INFO     In total 3 datasets:                            train.py:209
                            dev has 553 instances.                              
                            test has 511 instances.                             
                            train has 12003 instances.                          
                                                                                
           INFO     8 labels: {'FC': 0, 'FN': 1, 'IN': 2, 'IV': 3,  train.py:211
                    'ORG': 4, 'PER': 5, 'SN': 6, 'SNum': 7},                    
                    matrix_segs:{'ent': 8}                                      
Some weights of the model checkpoint at /root/.cache/modelscope/hub/AI-ModelScope/bert-base-chinese were not used when initializing BertModel: ['cls.seq_relationship.weight', 'cls.predictions.transform.dense.bias', 'cls.predictions.bias', 'cls.predictions.transform.LayerNorm.bias', 'cls.predictions.transform.LayerNorm.weight', 'cls.predictions.transform.dense.weight', 'cls.predictions.decoder.weight', 'cls.seq_relationship.bias']
- This IS expected if you are initializing BertModel from the checkpoint of a model trained on another task or with another architecture (e.g. initializing a BertForSequenceClassification model from a BertForPreTraining model).
- This IS NOT expected if you are initializing BertModel from the checkpoint of a model that you expect to be exactly identical (initializing a BertForSequenceClassification model from a BertForSequenceClassification model).
[22:01:52] INFO     Counter({'pretrain_model': 102267648, 'cnn1':   train.py:300
                    11371144, 'biaffine': 1000000, 'W': 170800,                 
                    'bhpc_projection': 156000, 'head_mlp': 153800,              
                    'tail_mlp': 153800, 'score_head': 9608,                     
                    'size_embedding': 750})                                     
           INFO     Total param  115283550                          train.py:301
           INFO     The checkpoint will be saved in this folder topk_saver.py:54
                    for this time:                                              
                    _saved_models/2026-08-15-22_01_48_714467.                   
[22:01:53] INFO     Running evaluator sanity check for 1 batches. trainer.py:661
[22:02:37] INFO     The best performance for monitor     progress_callback.py:37
                    f#f#dev:5.56 was achieved in                                
                    Epoch:1, Global Batch:80. The                               
                    evaluation result:                                          
                    {'f#f#dev': 5.56, 'rec#f#dev': 3.33,                        
                    'pre#f#dev': 16.97, 'f#f#test':                             
                    4.12, 'rec#f#test': 2.43,                                   
                    'pre#f#test': 13.33}                                        
