[17:05:42] INFO     Read cache from /root/ner/caches/465f9b cache_results.py:320
                    96_ner_caches.pkl (Saved on 2026-04-30                      
                    16:34:51.406662).                                           
           INFO     In total 3 datasets:                            train.py:178
                            dev has 1669 instances.                             
                            test has 1854 instances.                            
                            train has 15023 instances.                          
                                                                                
           INFO     5 labels: {'CELL_LINE': 0, 'CELL_TYPE': 1,      train.py:180
                    'DNA': 2, 'PROTEIN': 3, 'RNA': 4},                          
                    matrix_segs:{'ent': 5}                                      
[17:05:44] INFO     Counter({'pretrain_model': 108310272, 'cnn1':   train.py:230
                    11371144, 'biaffine': 1000000, 'W': 170800,                 
                    'head_mlp': 153800, 'tail_mlp': 153800,                     
                    'score_head': 6005, 'size_embedding': 750})                 
           INFO     Total param  121166571                          train.py:231
           INFO     The checkpoint will be saved in this folder topk_saver.py:54
                    for this time:                                              
                    _saved_models/2026-04-30-17_05_40_254893.                   
           INFO     Enable adversarial training: type=pgd,          train.py:276
                    epsilon=1.0, alpha=0.3, k=3,                                
                    emb_name=word_embeddings, loss_weight=0.8,                  
                    warmup_ratio=0.1, every_n_steps=1,                          
                    random_start=True                                           
           INFO     Running evaluator sanity check for 1 batches. trainer.py:661
[17:06:15] ERROR    Exception happens when training on    train_batch_loop.py:65
                    samples: [7269, 9994, 3451, 8443,                           
                    11911, 12910, 4884, 3101, 2780, 9771,                       
                    10619, 7691]                                                
Traceback (most recent call last):
  File "/root/ner/train.py", line 310, in <module>
    trainer.run(
  File "/root/miniconda3/envs/difinet/lib/python3.10/site-packages/fastNLP/core/controllers/trainer.py", line 711, in run
    raise e
  File "/root/miniconda3/envs/difinet/lib/python3.10/site-packages/fastNLP/core/controllers/trainer.py", line 687, in run
    self.train_batch_loop.run(self, self.dataloader)
  File "/root/miniconda3/envs/difinet/lib/python3.10/site-packages/fastNLP/core/controllers/loops/train_batch_loop.py", line 66, in run
    raise e
  File "/root/miniconda3/envs/difinet/lib/python3.10/site-packages/fastNLP/core/controllers/loops/train_batch_loop.py", line 57, in run
    self.batch_step_fn(trainer, batch)
  File "/root/miniconda3/envs/difinet/lib/python3.10/site-packages/fastNLP/core/controllers/loops/train_batch_loop.py", line 78, in batch_step_fn
    outputs = trainer.train_step(batch)
  File "/root/miniconda3/envs/difinet/lib/python3.10/site-packages/fastNLP/core/controllers/trainer.py", line 1303, in train_step
    outputs = self.driver.model_call(batch, self._train_step, self._train_step_signature_fn)
  File "/root/miniconda3/envs/difinet/lib/python3.10/site-packages/fastNLP/core/drivers/torch_driver/single_device.py", line 85, in model_call
    return auto_param_call(fn, batch, signature_fn=signature_fn)
  File "/root/miniconda3/envs/difinet/lib/python3.10/site-packages/fastNLP/core/utils/utils.py", line 149, in auto_param_call
    return fn(**_has_params)
  File "/root/miniconda3/envs/difinet/lib/python3.10/site-packages/torch/nn/modules/module.py", line 1532, in _wrapped_call_impl
    return self._call_impl(*args, **kwargs)
  File "/root/miniconda3/envs/difinet/lib/python3.10/site-packages/torch/nn/modules/module.py", line 1541, in _call_impl
    return forward_call(*args, **kwargs)
  File "/root/ner/model/model.py", line 165, in forward
    u_score1= self.cnn1(u_scores1, pad_mask1,self.training)
  File "/root/miniconda3/envs/difinet/lib/python3.10/site-packages/torch/nn/modules/module.py", line 1532, in _wrapped_call_impl
    return self._call_impl(*args, **kwargs)
  File "/root/miniconda3/envs/difinet/lib/python3.10/site-packages/torch/nn/modules/module.py", line 1541, in _call_impl
    return forward_call(*args, **kwargs)
  File "/root/ner/model/cnn.py", line 425, in forward
    x_2 = layer(x_2, mask, True)
  File "/root/miniconda3/envs/difinet/lib/python3.10/site-packages/torch/nn/modules/module.py", line 1532, in _wrapped_call_impl
    return self._call_impl(*args, **kwargs)
  File "/root/miniconda3/envs/difinet/lib/python3.10/site-packages/torch/nn/modules/module.py", line 1541, in _call_impl
    return forward_call(*args, **kwargs)
  File "/root/ner/model/cnn.py", line 82, in forward
    return self.conv2d_3(x_1)
  File "/root/miniconda3/envs/difinet/lib/python3.10/site-packages/torch/nn/modules/module.py", line 1532, in _wrapped_call_impl
    return self._call_impl(*args, **kwargs)
  File "/root/miniconda3/envs/difinet/lib/python3.10/site-packages/torch/nn/modules/module.py", line 1541, in _call_impl
    return forward_call(*args, **kwargs)
  File "/root/ner/model/cnn_liabrary.py", line 92, in forward
    v_unfold = self.unfold(v).reshape(bsz, c, kernel_size * kernel_size, h, w)
  File "/root/miniconda3/envs/difinet/lib/python3.10/site-packages/torch/nn/modules/module.py", line 1532, in _wrapped_call_impl
    return self._call_impl(*args, **kwargs)
  File "/root/miniconda3/envs/difinet/lib/python3.10/site-packages/torch/nn/modules/module.py", line 1541, in _call_impl
    return forward_call(*args, **kwargs)
  File "/root/miniconda3/envs/difinet/lib/python3.10/site-packages/torch/nn/modules/fold.py", line 298, in forward
    return F.unfold(input, self.kernel_size, self.dilation,
  File "/root/miniconda3/envs/difinet/lib/python3.10/site-packages/torch/nn/functional.py", line 4817, in unfold
    return torch._C._nn.im2col(input, _pair(kernel_size), _pair(dilation), _pair(padding), _pair(stride))
torch.cuda.OutOfMemoryError: CUDA out of memory. Tried to allocate 1.49 GiB. GPU 
