[16:10:46] INFO     Read cache from /root/shared-nvme/proje cache_results.py:320
                    cts/difinet/ner-2025-05/caches/9fc3571c                     
                    _ner_caches.pkl (Saved on 2026-07-03                        
                    00:06:01.987123).                                           
[16:10:47] INFO     In total 3 datasets:                            train.py:203
                            dev has 553 instances.                              
                            test has 511 instances.                             
                            train has 12003 instances.                          
                                                                                
           INFO     8 labels: {'FC': 0, 'FN': 1, 'IN': 2, 'IV': 3,  train.py:205
                    'ORG': 4, 'PER': 5, 'SN': 6, 'SNum': 7},                    
                    matrix_segs:{'ent': 8}                                      
Some weights of the model checkpoint at /root/.cache/modelscope/hub/models/AI-ModelScope/bert-base-chinese were not used when initializing BertModel: ['cls.seq_relationship.weight', 'cls.predictions.transform.dense.weight', 'cls.predictions.decoder.weight', 'cls.predictions.transform.LayerNorm.weight', 'cls.seq_relationship.bias', 'cls.predictions.bias', 'cls.predictions.transform.LayerNorm.bias', 'cls.predictions.transform.dense.bias']
- This IS expected if you are initializing BertModel from the checkpoint of a model trained on another task or with another architecture (e.g. initializing a BertForSequenceClassification model from a BertForPreTraining model).
- This IS NOT expected if you are initializing BertModel from the checkpoint of a model that you expect to be exactly identical (initializing a BertForSequenceClassification model from a BertForSequenceClassification model).
[16:10:48] INFO     Counter({'pretrain_model': 102267648, 'cnn1':   train.py:289
                    6405200, 'biaffine': 1000000, 'W': 170800,                  
                    'head_mlp': 153800, 'tail_mlp': 153800,                     
                    'score_head': 9608, 'size_embedding': 750})                 
           INFO     Total param  110161606                          train.py:290
           INFO     The checkpoint will be saved in this folder topk_saver.py:54
                    for this time:                                              
                    _saved_models/2026-07-04-16_10_44_078110.                   
           INFO     Enable adversarial training: type=pgd,          train.py:335
                    epsilon=1.0, alpha=0.3, k=3,                                
                    emb_name=word_embeddings, loss_weight=0.8,                  
                    warmup_ratio=0.0, every_n_steps=1,                          
                    random_start=True                                           
[16:10:49] INFO     Running evaluator sanity check for 1 batches. trainer.py:661
