[00:07:51] INFO     Read cache from /root/ner-2025-05/cache cache_results.py:320
                    s/9fc3571c_ner_caches.pkl (Saved on                         
                    2026-07-03 00:06:01.987123).                                
           INFO     In total 3 datasets:                            train.py:198
                            dev has 553 instances.                              
                            test has 511 instances.                             
                            train has 12003 instances.                          
                                                                                
           INFO     8 labels: {'FC': 0, 'FN': 1, 'IN': 2, 'IV': 3,  train.py:200
                    'ORG': 4, 'PER': 5, 'SN': 6, 'SNum': 7},                    
                    matrix_segs:{'ent': 8}                                      
Some weights of the model checkpoint at /root/.cache/modelscope/hub/models/AI-ModelScope/bert-base-chinese were not used when initializing BertModel: ['cls.predictions.transform.LayerNorm.bias', 'cls.predictions.decoder.weight', 'cls.predictions.bias', 'cls.predictions.transform.LayerNorm.weight', 'cls.seq_relationship.weight', 'cls.seq_relationship.bias', 'cls.predictions.transform.dense.bias', 'cls.predictions.transform.dense.weight']
- This IS expected if you are initializing BertModel from the checkpoint of a model trained on another task or with another architecture (e.g. initializing a BertForSequenceClassification model from a BertForPreTraining model).
- This IS NOT expected if you are initializing BertModel from the checkpoint of a model that you expect to be exactly identical (initializing a BertForSequenceClassification model from a BertForSequenceClassification model).
[00:07:53] INFO     Counter({'pretrain_model': 102267648, 'cnn1':   train.py:282
                    11371144, 'biaffine': 1000000, 'W': 170800,                 
                    'head_mlp': 153800, 'tail_mlp': 153800,                     
                    'score_head': 9608, 'size_embedding': 750})                 
           INFO     Total param  115127550                          train.py:283
           INFO     The checkpoint will be saved in this folder topk_saver.py:54
                    for this time:                                              
                    _saved_models/2026-07-03-00_07_48_429272.                   
           INFO     Enable adversarial training: type=pgd,          train.py:328
                    epsilon=1.0, alpha=0.3, k=3,                                
                    emb_name=word_embeddings, loss_weight=0.8,                  
                    warmup_ratio=0.0, every_n_steps=1,                          
                    random_start=True                                           
           INFO     Running evaluator sanity check for 1 batches. trainer.py:661
Terminated
