[23:19:42] INFO     Read cache from /root/ner/caches/465f9b cache_results.py:320
                    96_ner_caches.pkl (Saved on 2026-04-30                      
                    16:34:51.406662).                                           
           INFO     In total 3 datasets:                            train.py:182
                            dev has 1669 instances.                             
                            test has 1854 instances.                            
                            train has 15023 instances.                          
                                                                                
           INFO     5 labels: {'CELL_LINE': 0, 'CELL_TYPE': 1,      train.py:184
                    'DNA': 2, 'PROTEIN': 3, 'RNA': 4},                          
                    matrix_segs:{'ent': 5}                                      
[23:19:45] INFO     Loaded checkpoint from /root/ner/_saved_models/ train.py:223
                    2026-04-30-17_49_48_667728/model-epoch_8-batch_             
                    30048-f#f#dev_81.52/fastnlp_model.pkl.tar,                  
                    missing_keys=7, unexpected_keys=2                           
           INFO     Counter({'pretrain_model': 108310272, 'cnn1':   train.py:241
                    11371144, 'score_head': 2179211, 'biaffine':                
                    1000000, 'W': 170800, 'head_mlp': 153800,                   
                    'tail_mlp': 153800, 'size_embedding': 750})                 
           INFO     Total param  123339777                          train.py:242
           INFO     The checkpoint will be saved in this folder topk_saver.py:54
                    for this time:                                              
                    _saved_models/2026-04-30-23_19_40_524444.                   
           INFO     Enable adversarial training: type=pgd,          train.py:287
                    epsilon=1.0, alpha=0.3, k=3,                                
                    emb_name=word_embeddings, loss_weight=0.8,                  
                    warmup_ratio=0.0, every_n_steps=1,                          
                    random_start=True                                           
           INFO     Running evaluator sanity check for 1 batches. trainer.py:661
[23:21:55] ERROR    Exception happens when training on    train_batch_loop.py:65
                    samples: [13375, 7795, 2483, 10497,                         
                    5347, 8002]                                                 
Traceback (most recent call last):
  File "/root/ner/train.py", line 321, in <module>
    trainer.run(
  File "/root/miniconda3/envs/difinet/lib/python3.10/site-packages/fastNLP/core/controllers/trainer.py", line 711, in run
    raise e
  File "/root/miniconda3/envs/difinet/lib/python3.10/site-packages/fastNLP/core/controllers/trainer.py", line 687, in run
    self.train_batch_loop.run(self, self.dataloader)
  File "/root/miniconda3/envs/difinet/lib/python3.10/site-packages/fastNLP/core/controllers/loops/train_batch_loop.py", line 66, in run
    raise e
  File "/root/miniconda3/envs/difinet/lib/python3.10/site-packages/fastNLP/core/controllers/loops/train_batch_loop.py", line 57, in run
    self.batch_step_fn(trainer, batch)
  File "/root/miniconda3/envs/difinet/lib/python3.10/site-packages/fastNLP/core/controllers/loops/train_batch_loop.py", line 78, in batch_step_fn
    outputs = trainer.train_step(batch)
  File "/root/miniconda3/envs/difinet/lib/python3.10/site-packages/fastNLP/core/controllers/trainer.py", line 1303, in train_step
    outputs = self.driver.model_call(batch, self._train_step, self._train_step_signature_fn)
  File "/root/miniconda3/envs/difinet/lib/python3.10/site-packages/fastNLP/core/drivers/torch_driver/single_device.py", line 85, in model_call
    return auto_param_call(fn, batch, signature_fn=signature_fn)
  File "/root/miniconda3/envs/difinet/lib/python3.10/site-packages/fastNLP/core/utils/utils.py", line 149, in auto_param_call
    return fn(**_has_params)
  File "/root/miniconda3/envs/difinet/lib/python3.10/site-packages/torch/nn/modules/module.py", line 1532, in _wrapped_call_impl
    return self._call_impl(*args, **kwargs)
  File "/root/miniconda3/envs/difinet/lib/python3.10/site-packages/torch/nn/modules/module.py", line 1541, in _call_impl
    return forward_call(*args, **kwargs)
  File "/root/ner/model/model.py", line 196, in forward
    u_score1= self.cnn1(u_scores1, pad_mask1,self.training)
  File "/root/miniconda3/envs/difinet/lib/python3.10/site-packages/torch/nn/modules/module.py", line 1532, in _wrapped_call_impl
    return self._call_impl(*args, **kwargs)
  File "/root/miniconda3/envs/difinet/lib/python3.10/site-packages/torch/nn/modules/module.py", line 1541, in _call_impl
    return forward_call(*args, **kwargs)
  File "/root/ner/model/cnn.py", line 452, in forward
    bfm_feat = self.bfm(x_4, mask)
  File "/root/miniconda3/envs/difinet/lib/python3.10/site-packages/torch/nn/modules/module.py", line 1532, in _wrapped_call_impl
    return self._call_impl(*args, **kwargs)
  File "/root/miniconda3/envs/difinet/lib/python3.10/site-packages/torch/nn/modules/module.py", line 1541, in _call_impl
    return forward_call(*args, **kwargs)
  File "/root/ner/model/pyramid_bfm.py", line 71, in forward
    u0 = self.dec0(u0, _resize_mask(m0, u0))
  File "/root/miniconda3/envs/difinet/lib/python3.10/site-packages/torch/nn/modules/module.py", line 1532, in _wrapped_call_impl
    return self._call_impl(*args, **kwargs)
  File "/root/miniconda3/envs/difinet/lib/python3.10/site-packages/torch/nn/modules/module.py", line 1541, in _call_impl
    return forward_call(*args, **kwargs)
  File "/root/ner/model/pyramid_bfm.py", line 45, in forward
    y = self.norm(y)
  File "/root/miniconda3/envs/difinet/lib/python3.10/site-packages/torch/nn/modules/module.py", line 1532, in _wrapped_call_impl
    return self._call_impl(*args, **kwargs)
  File "/root/miniconda3/envs/difinet/lib/python3.10/site-packages/torch/nn/modules/module.py", line 1541, in _call_impl
    return forward_call(*args, **kwargs)
  File "/root/ner/model/pyramid_bfm.py", line 22, in forward
    s = (x - u).pow(2).mean(dim=self.dim_index, keepdim=True)
torch.cuda.OutOfMemoryError: CUDA out of memory. Tried to allocate 204.00 MiB. GPU 
